2024-10-28 18:56:06 - carbontracker version 2.0.0
2024-10-28 18:56:06 - Only predicted and actual consumptions are multiplied by a PUE coefficient of 1.58 (Daniel Bizo, 2023, Uptime Institute Global Data Center Survey).
2024-10-28 18:56:06 - The following components were found: GPU with device(s) NVIDIA GeForce RTX 3060. CPU with device(s) cpu:0.
2024-10-28 18:56:06 - Monitoring thread started.
2024-10-28 18:56:41 - Epoch 2:
2024-10-28 18:56:41 - Duration: 0:00:34.78
2024-10-28 18:56:41 - Average power usage (W) for gpu: 85.23005714285713
2024-10-28 18:56:41 - Average power usage (W) for cpu: 0.0
2024-10-28 18:57:16 - Epoch 3:
2024-10-28 18:57:16 - Duration: 0:00:34.83
2024-10-28 18:57:16 - Average power usage (W) for gpu: 90.50577142857145
2024-10-28 18:57:16 - Average power usage (W) for cpu: 0.0
2024-10-28 18:57:51 - Epoch 4:
2024-10-28 18:57:51 - Duration: 0:00:34.64
2024-10-28 18:57:51 - Average power usage (W) for gpu: 88.34688571428572
2024-10-28 18:57:51 - Average power usage (W) for cpu: 0.0
2024-10-28 18:58:25 - Epoch 5:
2024-10-28 18:58:25 - Duration: 0:00:34.66
2024-10-28 18:58:25 - Average power usage (W) for gpu: 86.7379411764706
2024-10-28 18:58:25 - Average power usage (W) for cpu: 0.0
2024-10-28 18:59:00 - Epoch 6:
2024-10-28 18:59:00 - Duration: 0:00:34.62
2024-10-28 18:59:00 - Average power usage (W) for gpu: 85.41182857142857
2024-10-28 18:59:00 - Average power usage (W) for cpu: 0.0
2024-10-28 18:59:34 - Epoch 7:
2024-10-28 18:59:34 - Duration: 0:00:34.59
2024-10-28 18:59:34 - Average power usage (W) for gpu: 84.91488571428572
2024-10-28 18:59:34 - Average power usage (W) for cpu: 0.0
2024-10-28 19:00:09 - Epoch 8:
2024-10-28 19:00:09 - Duration: 0:00:34.58
2024-10-28 19:00:09 - Average power usage (W) for gpu: 85.32891176470588
2024-10-28 19:00:09 - Average power usage (W) for cpu: 0.0
2024-10-28 19:00:44 - Epoch 9:
2024-10-28 19:00:44 - Duration: 0:00:34.71
2024-10-28 19:00:44 - Average power usage (W) for gpu: 85.00297142857143
2024-10-28 19:00:44 - Average power usage (W) for cpu: 0.0
2024-10-28 19:01:18 - Epoch 10:
2024-10-28 19:01:18 - Duration: 0:00:34.61
2024-10-28 19:01:18 - Average power usage (W) for gpu: 85.96158823529412
2024-10-28 19:01:18 - Average power usage (W) for cpu: 0.0
2024-10-28 19:01:53 - Epoch 11:
2024-10-28 19:01:53 - Duration: 0:00:34.57
2024-10-28 19:01:53 - Average power usage (W) for gpu: 85.67771428571429
2024-10-28 19:01:53 - Average power usage (W) for cpu: 0.0
2024-10-28 19:02:28 - Epoch 12:
2024-10-28 19:02:28 - Duration: 0:00:34.76
2024-10-28 19:02:28 - Average power usage (W) for gpu: 85.52537142857142
2024-10-28 19:02:28 - Average power usage (W) for cpu: 0.0
2024-10-28 19:03:02 - Epoch 13:
2024-10-28 19:03:02 - Duration: 0:00:34.64
2024-10-28 19:03:02 - Average power usage (W) for gpu: 86.13255882352941
2024-10-28 19:03:02 - Average power usage (W) for cpu: 0.0
2024-10-28 19:03:37 - Epoch 14:
2024-10-28 19:03:37 - Duration: 0:00:34.63
2024-10-28 19:03:37 - Average power usage (W) for gpu: 85.56657142857144
2024-10-28 19:03:37 - Average power usage (W) for cpu: 0.0
2024-10-28 19:04:12 - Epoch 15:
2024-10-28 19:04:12 - Duration: 0:00:34.60
2024-10-28 19:04:12 - Average power usage (W) for gpu: 85.79748571428573
2024-10-28 19:04:12 - Average power usage (W) for cpu: 0.0
2024-10-28 19:04:46 - Epoch 16:
2024-10-28 19:04:46 - Duration: 0:00:34.63
2024-10-28 19:04:46 - Average power usage (W) for gpu: 86.20908823529413
2024-10-28 19:04:46 - Average power usage (W) for cpu: 0.0
2024-10-28 19:05:21 - Epoch 17:
2024-10-28 19:05:21 - Duration: 0:00:34.62
2024-10-28 19:05:21 - Average power usage (W) for gpu: 85.85491428571429
2024-10-28 19:05:21 - Average power usage (W) for cpu: 0.0
2024-10-28 19:05:55 - Epoch 18:
2024-10-28 19:05:55 - Duration: 0:00:34.60
2024-10-28 19:05:55 - Average power usage (W) for gpu: 86.33702941176472
2024-10-28 19:05:55 - Average power usage (W) for cpu: 0.0
2024-10-28 19:06:30 - Epoch 19:
2024-10-28 19:06:30 - Duration: 0:00:34.61
2024-10-28 19:06:30 - Average power usage (W) for gpu: 85.94697142857143
2024-10-28 19:06:30 - Average power usage (W) for cpu: 0.0
2024-10-28 19:07:05 - Epoch 20:
2024-10-28 19:07:05 - Duration: 0:00:34.59
2024-10-28 19:07:05 - Average power usage (W) for gpu: 85.91694285714286
2024-10-28 19:07:05 - Average power usage (W) for cpu: 0.0
2024-10-28 19:07:05 - Carbon intensities (gCO2/kWh) fetched every 900 s at detected location Rio de Janeiro, Rio de Janeiro, BR: [np.float64(98.34824)]
2024-10-28 19:07:05 - Average carbon intensity during training was 98.35 gCO2/kWh at detected location: Rio de Janeiro, Rio de Janeiro, BR.
2024-10-28 19:07:05 - Monitoring thread ended.
