2025-01-13 22:22:39 - carbontracker version 2.0.1
2025-01-13 22:22:39 - Only predicted and actual consumptions are multiplied by a PUE coefficient of 1.58 (Daniel Bizo, 2023, Uptime Institute Global Data Center Survey).
2025-01-13 22:22:39 - The following components were found: GPU with device(s) NVIDIA GeForce RTX 3060.
2025-01-13 22:22:39 - Monitoring thread started.
2025-01-13 22:23:17 - Epoch 2:
2025-01-13 22:23:17 - Duration: 0:00:33.02
2025-01-13 22:23:17 - Average power usage (W) for gpu: 70.31973529411763
2025-01-13 22:23:49 - Epoch 3:
2025-01-13 22:23:49 - Duration: 0:00:32.72
2025-01-13 22:23:49 - Average power usage (W) for gpu: 75.186375
2025-01-13 22:24:22 - Epoch 4:
2025-01-13 22:24:22 - Duration: 0:00:33.05
2025-01-13 22:24:22 - Average power usage (W) for gpu: 73.32866666666665
2025-01-13 22:24:56 - Epoch 5:
2025-01-13 22:24:56 - Duration: 0:00:33.13
2025-01-13 22:24:56 - Average power usage (W) for gpu: 71.72275757575757
2025-01-13 22:25:29 - Epoch 6:
2025-01-13 22:25:29 - Duration: 0:00:33.10
2025-01-13 22:25:29 - Average power usage (W) for gpu: 71.4030909090909
2025-01-13 22:26:02 - Epoch 7:
2025-01-13 22:26:02 - Duration: 0:00:33.06
2025-01-13 22:26:02 - Average power usage (W) for gpu: 70.85723529411764
2025-01-13 22:26:35 - Epoch 8:
2025-01-13 22:26:35 - Duration: 0:00:33.10
2025-01-13 22:26:35 - Average power usage (W) for gpu: 71.09312121212122
2025-01-13 22:27:08 - Epoch 9:
2025-01-13 22:27:08 - Duration: 0:00:32.71
2025-01-13 22:27:08 - Average power usage (W) for gpu: 71.68481249999999
2025-01-13 22:27:40 - Epoch 10:
2025-01-13 22:27:40 - Duration: 0:00:32.92
2025-01-13 22:27:40 - Average power usage (W) for gpu: 71.35963636363635
2025-01-13 22:27:41 - Carbon intensities (gCO2/kWh) fetched every 900 s at detected location Rio de Janeiro, Rio de Janeiro, BR: [np.float64(98.34824)]
2025-01-13 22:27:41 - Average carbon intensity during training was 98.35 gCO2/kWh at detected location: Rio de Janeiro, Rio de Janeiro, BR.
2025-01-13 22:27:41 - Monitoring thread ended.
