2024-10-30 17:58:13 - carbontracker version 2.0.0
2024-10-30 17:58:13 - Only predicted and actual consumptions are multiplied by a PUE coefficient of 1.58 (Daniel Bizo, 2023, Uptime Institute Global Data Center Survey).
2024-10-30 17:58:13 - The following components were found: GPU with device(s) NVIDIA GeForce RTX 3060. CPU with device(s) cpu:0.
2024-10-30 17:58:13 - Monitoring thread started.
2024-10-30 17:58:50 - Epoch 2:
2024-10-30 17:58:50 - Duration: 0:00:36.50
2024-10-30 17:58:50 - Average power usage (W) for gpu: 83.65186486486486
2024-10-30 17:58:50 - Average power usage (W) for cpu: 0.0
2024-10-30 17:59:25 - Epoch 3:
2024-10-30 17:59:25 - Duration: 0:00:35.38
2024-10-30 17:59:25 - Average power usage (W) for gpu: 88.0458857142857
2024-10-30 17:59:25 - Average power usage (W) for cpu: 0.0
2024-10-30 18:00:01 - Epoch 4:
2024-10-30 18:00:01 - Duration: 0:00:35.31
2024-10-30 18:00:01 - Average power usage (W) for gpu: 84.44655555555556
2024-10-30 18:00:01 - Average power usage (W) for cpu: 0.0
2024-10-30 18:00:36 - Epoch 5:
2024-10-30 18:00:36 - Duration: 0:00:35.22
2024-10-30 18:00:36 - Average power usage (W) for gpu: 83.79468571428569
2024-10-30 18:00:36 - Average power usage (W) for cpu: 0.0
2024-10-30 18:01:11 - Epoch 6:
2024-10-30 18:01:11 - Duration: 0:00:35.14
2024-10-30 18:01:11 - Average power usage (W) for gpu: 83.5018857142857
2024-10-30 18:01:11 - Average power usage (W) for cpu: 0.0
2024-10-30 18:01:46 - Epoch 7:
2024-10-30 18:01:46 - Duration: 0:00:35.14
2024-10-30 18:01:46 - Average power usage (W) for gpu: 83.40180000000001
2024-10-30 18:01:46 - Average power usage (W) for cpu: 0.0
2024-10-30 18:02:21 - Epoch 8:
2024-10-30 18:02:21 - Duration: 0:00:35.20
2024-10-30 18:02:21 - Average power usage (W) for gpu: 83.32505714285715
2024-10-30 18:02:21 - Average power usage (W) for cpu: 0.0
2024-10-30 18:02:57 - Epoch 9:
2024-10-30 18:02:57 - Duration: 0:00:35.26
2024-10-30 18:02:57 - Average power usage (W) for gpu: 82.69049999999999
2024-10-30 18:02:57 - Average power usage (W) for cpu: 0.0
2024-10-30 18:03:32 - Epoch 10:
2024-10-30 18:03:32 - Duration: 0:00:35.13
2024-10-30 18:03:32 - Average power usage (W) for gpu: 83.32394285714287
2024-10-30 18:03:32 - Average power usage (W) for cpu: 0.0
2024-10-30 18:04:07 - Epoch 11:
2024-10-30 18:04:07 - Duration: 0:00:35.12
2024-10-30 18:04:07 - Average power usage (W) for gpu: 83.51331428571429
2024-10-30 18:04:07 - Average power usage (W) for cpu: 0.0
2024-10-30 18:04:42 - Epoch 12:
2024-10-30 18:04:42 - Duration: 0:00:35.15
2024-10-30 18:04:42 - Average power usage (W) for gpu: 83.41245714285714
2024-10-30 18:04:42 - Average power usage (W) for cpu: 0.0
2024-10-30 18:05:17 - Epoch 13:
2024-10-30 18:05:17 - Duration: 0:00:35.23
2024-10-30 18:05:17 - Average power usage (W) for gpu: 83.41194285714286
2024-10-30 18:05:17 - Average power usage (W) for cpu: 0.0
2024-10-30 18:05:53 - Epoch 14:
2024-10-30 18:05:53 - Duration: 0:00:35.28
2024-10-30 18:05:53 - Average power usage (W) for gpu: 83.57302857142857
2024-10-30 18:05:53 - Average power usage (W) for cpu: 0.0
2024-10-30 18:06:28 - Epoch 15:
2024-10-30 18:06:28 - Duration: 0:00:35.39
2024-10-30 18:06:28 - Average power usage (W) for gpu: 83.00661111111111
2024-10-30 18:06:28 - Average power usage (W) for cpu: 0.0
2024-10-30 18:07:03 - Epoch 16:
2024-10-30 18:07:03 - Duration: 0:00:35.35
2024-10-30 18:07:03 - Average power usage (W) for gpu: 83.44494285714285
2024-10-30 18:07:03 - Average power usage (W) for cpu: 0.0
2024-10-30 18:07:39 - Epoch 17:
2024-10-30 18:07:39 - Duration: 0:00:35.42
2024-10-30 18:07:39 - Average power usage (W) for gpu: 82.61611111111112
2024-10-30 18:07:39 - Average power usage (W) for cpu: 0.0
2024-10-30 18:08:14 - Epoch 18:
2024-10-30 18:08:14 - Duration: 0:00:35.44
2024-10-30 18:08:14 - Average power usage (W) for gpu: 82.89542857142857
2024-10-30 18:08:14 - Average power usage (W) for cpu: 0.0
2024-10-30 18:08:50 - Epoch 19:
2024-10-30 18:08:50 - Duration: 0:00:35.44
2024-10-30 18:08:50 - Average power usage (W) for gpu: 82.66762857142858
2024-10-30 18:08:50 - Average power usage (W) for cpu: 0.0
2024-10-30 18:09:25 - Epoch 20:
2024-10-30 18:09:25 - Duration: 0:00:35.45
2024-10-30 18:09:25 - Average power usage (W) for gpu: 82.27316666666667
2024-10-30 18:09:25 - Average power usage (W) for cpu: 0.0
2024-10-30 18:09:25 - Carbon intensities (gCO2/kWh) fetched every 900 s at detected location Rio de Janeiro, Rio de Janeiro, BR: [np.float64(98.34824)]
2024-10-30 18:09:25 - Average carbon intensity during training was 98.35 gCO2/kWh at detected location: Rio de Janeiro, Rio de Janeiro, BR.
2024-10-30 18:09:25 - Monitoring thread ended.
