2025-01-18 16:06:54 - carbontracker version 2.0.1
2025-01-18 16:06:54 - Only predicted and actual consumptions are multiplied by a PUE coefficient of 1.58 (Daniel Bizo, 2023, Uptime Institute Global Data Center Survey).
2025-01-18 16:06:54 - The following components were found: GPU with device(s) NVIDIA GeForce RTX 3060. CPU with device(s) cpu:0.
2025-01-18 16:06:54 - Monitoring thread started.
2025-01-18 16:07:32 - Epoch 2:
2025-01-18 16:07:32 - Duration: 0:00:37.55
2025-01-18 16:07:32 - Average power usage (W) for gpu: 84.0338947368421
2025-01-18 16:07:32 - Average power usage (W) for cpu: 0.0
2025-01-18 16:08:07 - Epoch 3:
2025-01-18 16:08:07 - Duration: 0:00:35.40
2025-01-18 16:08:07 - Average power usage (W) for gpu: 88.57757142857143
2025-01-18 16:08:07 - Average power usage (W) for cpu: 0.0
2025-01-18 16:08:43 - Epoch 4:
2025-01-18 16:08:43 - Duration: 0:00:35.43
2025-01-18 16:08:43 - Average power usage (W) for gpu: 86.20227777777778
2025-01-18 16:08:43 - Average power usage (W) for cpu: 0.0
2025-01-18 16:09:18 - Epoch 5:
2025-01-18 16:09:18 - Duration: 0:00:35.35
2025-01-18 16:09:18 - Average power usage (W) for gpu: 86.04757142857142
2025-01-18 16:09:18 - Average power usage (W) for cpu: 0.0
2025-01-18 16:09:55 - Epoch 6:
2025-01-18 16:09:55 - Duration: 0:00:36.86
2025-01-18 16:09:55 - Average power usage (W) for gpu: 84.01954054054053
2025-01-18 16:09:55 - Average power usage (W) for cpu: 0.0
2025-01-18 16:10:33 - Epoch 7:
2025-01-18 16:10:33 - Duration: 0:00:37.45
2025-01-18 16:10:33 - Average power usage (W) for gpu: 83.49513513513511
2025-01-18 16:10:33 - Average power usage (W) for cpu: 0.0
2025-01-18 16:11:08 - Epoch 8:
2025-01-18 16:11:08 - Duration: 0:00:35.65
2025-01-18 16:11:08 - Average power usage (W) for gpu: 84.84872222222224
2025-01-18 16:11:08 - Average power usage (W) for cpu: 0.0
2025-01-18 16:11:44 - Epoch 9:
2025-01-18 16:11:44 - Duration: 0:00:35.58
2025-01-18 16:11:44 - Average power usage (W) for gpu: 84.7088611111111
2025-01-18 16:11:44 - Average power usage (W) for cpu: 0.0
2025-01-18 16:12:19 - Epoch 10:
2025-01-18 16:12:19 - Duration: 0:00:35.55
2025-01-18 16:12:19 - Average power usage (W) for gpu: 85.14094285714285
2025-01-18 16:12:19 - Average power usage (W) for cpu: 0.0
2025-01-18 16:12:55 - Epoch 11:
2025-01-18 16:12:55 - Duration: 0:00:35.41
2025-01-18 16:12:55 - Average power usage (W) for gpu: 84.89183333333334
2025-01-18 16:12:55 - Average power usage (W) for cpu: 0.0
2025-01-18 16:13:30 - Epoch 12:
2025-01-18 16:13:30 - Duration: 0:00:35.49
2025-01-18 16:13:30 - Average power usage (W) for gpu: 85.37242857142856
2025-01-18 16:13:30 - Average power usage (W) for cpu: 0.0
2025-01-18 16:14:06 - Epoch 13:
2025-01-18 16:14:06 - Duration: 0:00:35.41
2025-01-18 16:14:06 - Average power usage (W) for gpu: 84.84375
2025-01-18 16:14:06 - Average power usage (W) for cpu: 0.0
2025-01-18 16:14:41 - Epoch 14:
2025-01-18 16:14:41 - Duration: 0:00:35.46
2025-01-18 16:14:41 - Average power usage (W) for gpu: 85.31559999999999
2025-01-18 16:14:41 - Average power usage (W) for cpu: 0.0
2025-01-18 16:15:17 - Epoch 15:
2025-01-18 16:15:17 - Duration: 0:00:35.57
2025-01-18 16:15:17 - Average power usage (W) for gpu: 84.73030555555556
2025-01-18 16:15:17 - Average power usage (W) for cpu: 0.0
2025-01-18 16:15:52 - Epoch 16:
2025-01-18 16:15:52 - Duration: 0:00:35.48
2025-01-18 16:15:52 - Average power usage (W) for gpu: 85.11457142857144
2025-01-18 16:15:52 - Average power usage (W) for cpu: 0.0
2025-01-18 16:16:28 - Epoch 17:
2025-01-18 16:16:28 - Duration: 0:00:35.58
2025-01-18 16:16:28 - Average power usage (W) for gpu: 84.47413888888887
2025-01-18 16:16:28 - Average power usage (W) for cpu: 0.0
2025-01-18 16:17:03 - Epoch 18:
2025-01-18 16:17:03 - Duration: 0:00:35.58
2025-01-18 16:17:03 - Average power usage (W) for gpu: 84.76002857142859
2025-01-18 16:17:03 - Average power usage (W) for cpu: 0.0
2025-01-18 16:17:39 - Epoch 19:
2025-01-18 16:17:39 - Duration: 0:00:35.55
2025-01-18 16:17:39 - Average power usage (W) for gpu: 84.16769444444444
2025-01-18 16:17:39 - Average power usage (W) for cpu: 0.0
2025-01-18 16:18:14 - Epoch 20:
2025-01-18 16:18:14 - Duration: 0:00:35.35
2025-01-18 16:18:14 - Average power usage (W) for gpu: 84.9354857142857
2025-01-18 16:18:14 - Average power usage (W) for cpu: 0.0
2025-01-18 16:18:14 - Carbon intensities (gCO2/kWh) fetched every 900 s at detected location Rio de Janeiro, Rio de Janeiro, BR: [np.float64(98.34824)]
2025-01-18 16:18:14 - Average carbon intensity during training was 98.35 gCO2/kWh at detected location: Rio de Janeiro, Rio de Janeiro, BR.
2025-01-18 16:18:14 - Monitoring thread ended.
