2024-09-30 18:32:31 - carbontracker version 2.0.0
2024-09-30 18:32:31 - Only predicted and actual consumptions are multiplied by a PUE coefficient of 1.58 (Daniel Bizo, 2023, Uptime Institute Global Data Center Survey).
2024-09-30 18:32:31 - The following components were found: GPU with device(s) NVIDIA GeForce RTX 3060.
2024-09-30 18:32:31 - Monitoring thread started.
2024-09-30 18:33:11 - Epoch 2:
2024-09-30 18:33:11 - Duration: 0:00:35.08
2024-09-30 18:33:11 - Average power usage (W) for gpu: 70.1681388888889
2024-09-30 18:33:44 - Epoch 3:
2024-09-30 18:33:44 - Duration: 0:00:32.87
2024-09-30 18:33:44 - Average power usage (W) for gpu: 75.94081249999999
2024-09-30 18:34:18 - Epoch 4:
2024-09-30 18:34:18 - Duration: 0:00:33.41
2024-09-30 18:34:18 - Average power usage (W) for gpu: 73.61705882352942
2024-09-30 18:34:50 - Epoch 5:
2024-09-30 18:34:50 - Duration: 0:00:32.67
2024-09-30 18:34:50 - Average power usage (W) for gpu: 73.19078787878787
2024-09-30 18:35:23 - Epoch 6:
2024-09-30 18:35:23 - Duration: 0:00:32.70
2024-09-30 18:35:23 - Average power usage (W) for gpu: 73.02715625
2024-09-30 18:35:56 - Epoch 7:
2024-09-30 18:35:56 - Duration: 0:00:32.70
2024-09-30 18:35:56 - Average power usage (W) for gpu: 72.66078787878789
2024-09-30 18:36:29 - Epoch 8:
2024-09-30 18:36:29 - Duration: 0:00:32.82
2024-09-30 18:36:29 - Average power usage (W) for gpu: 72.43854545454546
2024-09-30 18:37:01 - Epoch 9:
2024-09-30 18:37:01 - Duration: 0:00:32.87
2024-09-30 18:37:01 - Average power usage (W) for gpu: 72.40069696969698
2024-09-30 18:37:34 - Epoch 10:
2024-09-30 18:37:34 - Duration: 0:00:32.97
2024-09-30 18:37:34 - Average power usage (W) for gpu: 72.38821212121212
2024-09-30 18:37:35 - Carbon intensities (gCO2/kWh) fetched every 900 s at detected location Rio de Janeiro, Rio de Janeiro, BR: [np.float64(98.34824)]
2024-09-30 18:37:35 - Average carbon intensity during training was 98.35 gCO2/kWh at detected location: Rio de Janeiro, Rio de Janeiro, BR.
2024-09-30 18:37:35 - Monitoring thread ended.
