2025-01-14 21:39:45 - carbontracker version 2.0.1
2025-01-14 21:39:45 - Only predicted and actual consumptions are multiplied by a PUE coefficient of 1.58 (Daniel Bizo, 2023, Uptime Institute Global Data Center Survey).
2025-01-14 21:39:45 - The following components were found: GPU with device(s) NVIDIA GeForce RTX 3060. CPU with device(s) cpu:0.
2025-01-14 21:39:45 - Monitoring thread started.
2025-01-14 21:39:55 - Epoch 2:
2025-01-14 21:39:55 - Duration: 0:00:09.18
2025-01-14 21:39:55 - Average power usage (W) for gpu: 41.6511
2025-01-14 21:39:55 - Average power usage (W) for cpu: 0.0
2025-01-14 21:40:04 - Epoch 3:
2025-01-14 21:40:04 - Duration: 0:00:08.77
2025-01-14 21:40:04 - Average power usage (W) for gpu: 44.642375
2025-01-14 21:40:04 - Average power usage (W) for cpu: 0.0
2025-01-14 21:40:12 - Epoch 4:
2025-01-14 21:40:12 - Duration: 0:00:08.77
2025-01-14 21:40:12 - Average power usage (W) for gpu: 44.053000000000004
2025-01-14 21:40:12 - Average power usage (W) for cpu: 0.0
2025-01-14 21:40:21 - Epoch 5:
2025-01-14 21:40:21 - Duration: 0:00:08.74
2025-01-14 21:40:21 - Average power usage (W) for gpu: 43.67033333333333
2025-01-14 21:40:21 - Average power usage (W) for cpu: 0.0
2025-01-14 21:40:30 - Epoch 6:
2025-01-14 21:40:30 - Duration: 0:00:08.65
2025-01-14 21:40:30 - Average power usage (W) for gpu: 43.891888888888886
2025-01-14 21:40:30 - Average power usage (W) for cpu: 0.0
2025-01-14 21:40:39 - Epoch 7:
2025-01-14 21:40:39 - Duration: 0:00:08.73
2025-01-14 21:40:39 - Average power usage (W) for gpu: 44.73075
2025-01-14 21:40:39 - Average power usage (W) for cpu: 0.0
2025-01-14 21:40:47 - Epoch 8:
2025-01-14 21:40:47 - Duration: 0:00:08.76
2025-01-14 21:40:47 - Average power usage (W) for gpu: 44.352333333333334
2025-01-14 21:40:47 - Average power usage (W) for cpu: 0.0
2025-01-14 21:40:56 - Epoch 9:
2025-01-14 21:40:56 - Duration: 0:00:08.80
2025-01-14 21:40:56 - Average power usage (W) for gpu: 44.58566666666667
2025-01-14 21:40:56 - Average power usage (W) for cpu: 0.0
2025-01-14 21:41:05 - Epoch 10:
2025-01-14 21:41:05 - Duration: 0:00:08.82
2025-01-14 21:41:05 - Average power usage (W) for gpu: 44.81422222222222
2025-01-14 21:41:05 - Average power usage (W) for cpu: 0.0
2025-01-14 21:41:05 - Carbon intensities (gCO2/kWh) fetched every 900 s at detected location Rio de Janeiro, Rio de Janeiro, BR: [np.float64(98.34824)]
2025-01-14 21:41:05 - Average carbon intensity during training was 98.35 gCO2/kWh at detected location: Rio de Janeiro, Rio de Janeiro, BR.
2025-01-14 21:41:05 - Monitoring thread ended.
