2025-01-18 15:43:45 - carbontracker version 2.0.1
2025-01-18 15:43:45 - Only predicted and actual consumptions are multiplied by a PUE coefficient of 1.58 (Daniel Bizo, 2023, Uptime Institute Global Data Center Survey).
2025-01-18 15:43:45 - The following components were found: GPU with device(s) NVIDIA GeForce RTX 3060. CPU with device(s) cpu:0.
2025-01-18 15:43:45 - Monitoring thread started.
2025-01-18 15:44:19 - Epoch 2:
2025-01-18 15:44:19 - Duration: 0:00:34.24
2025-01-18 15:44:19 - Average power usage (W) for gpu: 86.13694285714284
2025-01-18 15:44:19 - Average power usage (W) for cpu: 0.0
2025-01-18 15:44:52 - Epoch 3:
2025-01-18 15:44:52 - Duration: 0:00:32.78
2025-01-18 15:44:52 - Average power usage (W) for gpu: 90.93021212121211
2025-01-18 15:44:52 - Average power usage (W) for cpu: 0.0
2025-01-18 15:45:25 - Epoch 4:
2025-01-18 15:45:25 - Duration: 0:00:32.97
2025-01-18 15:45:25 - Average power usage (W) for gpu: 89.90365625
2025-01-18 15:45:25 - Average power usage (W) for cpu: 0.0
2025-01-18 15:45:58 - Epoch 5:
2025-01-18 15:45:58 - Duration: 0:00:33.00
2025-01-18 15:45:58 - Average power usage (W) for gpu: 88.7039696969697
2025-01-18 15:45:58 - Average power usage (W) for cpu: 0.0
2025-01-18 15:46:31 - Epoch 6:
2025-01-18 15:46:31 - Duration: 0:00:33.01
2025-01-18 15:46:31 - Average power usage (W) for gpu: 88.17581818181817
2025-01-18 15:46:31 - Average power usage (W) for cpu: 0.0
2025-01-18 15:47:04 - Epoch 7:
2025-01-18 15:47:04 - Duration: 0:00:33.05
2025-01-18 15:47:04 - Average power usage (W) for gpu: 87.32776470588234
2025-01-18 15:47:04 - Average power usage (W) for cpu: 0.0
2025-01-18 15:47:37 - Epoch 8:
2025-01-18 15:47:37 - Duration: 0:00:33.11
2025-01-18 15:47:37 - Average power usage (W) for gpu: 87.48787878787878
2025-01-18 15:47:37 - Average power usage (W) for cpu: 0.0
2025-01-18 15:48:10 - Epoch 9:
2025-01-18 15:48:10 - Duration: 0:00:33.01
2025-01-18 15:48:10 - Average power usage (W) for gpu: 88.10563636363636
2025-01-18 15:48:10 - Average power usage (W) for cpu: 0.0
2025-01-18 15:48:43 - Epoch 10:
2025-01-18 15:48:43 - Duration: 0:00:33.24
2025-01-18 15:48:43 - Average power usage (W) for gpu: 88.36439393939395
2025-01-18 15:48:43 - Average power usage (W) for cpu: 0.0
2025-01-18 15:49:17 - Epoch 11:
2025-01-18 15:49:17 - Duration: 0:00:33.54
2025-01-18 15:49:17 - Average power usage (W) for gpu: 88.08260606060607
2025-01-18 15:49:17 - Average power usage (W) for cpu: 0.0
2025-01-18 15:49:50 - Epoch 12:
2025-01-18 15:49:50 - Duration: 0:00:33.03
2025-01-18 15:49:50 - Average power usage (W) for gpu: 88.33618181818183
2025-01-18 15:49:50 - Average power usage (W) for cpu: 0.0
2025-01-18 15:50:23 - Epoch 13:
2025-01-18 15:50:23 - Duration: 0:00:33.44
2025-01-18 15:50:23 - Average power usage (W) for gpu: 87.31767647058824
2025-01-18 15:50:23 - Average power usage (W) for cpu: 0.0
2025-01-18 15:50:57 - Epoch 14:
2025-01-18 15:50:57 - Duration: 0:00:33.32
2025-01-18 15:50:57 - Average power usage (W) for gpu: 87.96927272727274
2025-01-18 15:50:57 - Average power usage (W) for cpu: 0.0
2025-01-18 15:51:29 - Epoch 15:
2025-01-18 15:51:29 - Duration: 0:00:31.87
2025-01-18 15:51:29 - Average power usage (W) for gpu: 89.449625
2025-01-18 15:51:29 - Average power usage (W) for cpu: 0.0
2025-01-18 15:52:01 - Epoch 16:
2025-01-18 15:52:01 - Duration: 0:00:31.90
2025-01-18 15:52:01 - Average power usage (W) for gpu: 89.5464375
2025-01-18 15:52:01 - Average power usage (W) for cpu: 0.0
2025-01-18 15:52:33 - Epoch 17:
2025-01-18 15:52:33 - Duration: 0:00:31.96
2025-01-18 15:52:33 - Average power usage (W) for gpu: 89.4145
2025-01-18 15:52:33 - Average power usage (W) for cpu: 0.0
2025-01-18 15:53:04 - Epoch 18:
2025-01-18 15:53:04 - Duration: 0:00:31.90
2025-01-18 15:53:04 - Average power usage (W) for gpu: 89.43378125000001
2025-01-18 15:53:04 - Average power usage (W) for cpu: 0.0
2025-01-18 15:53:36 - Epoch 19:
2025-01-18 15:53:36 - Duration: 0:00:31.94
2025-01-18 15:53:36 - Average power usage (W) for gpu: 89.27465624999999
2025-01-18 15:53:36 - Average power usage (W) for cpu: 0.0
2025-01-18 15:54:08 - Epoch 20:
2025-01-18 15:54:08 - Duration: 0:00:31.92
2025-01-18 15:54:08 - Average power usage (W) for gpu: 89.2794375
2025-01-18 15:54:08 - Average power usage (W) for cpu: 0.0
2025-01-18 15:54:40 - Epoch 21:
2025-01-18 15:54:40 - Duration: 0:00:31.93
2025-01-18 15:54:40 - Average power usage (W) for gpu: 89.39765625
2025-01-18 15:54:40 - Average power usage (W) for cpu: 0.0
2025-01-18 15:55:12 - Epoch 22:
2025-01-18 15:55:12 - Duration: 0:00:31.94
2025-01-18 15:55:12 - Average power usage (W) for gpu: 89.96916129032259
2025-01-18 15:55:12 - Average power usage (W) for cpu: 0.0
2025-01-18 15:55:44 - Epoch 23:
2025-01-18 15:55:44 - Duration: 0:00:31.94
2025-01-18 15:55:44 - Average power usage (W) for gpu: 89.46984375
2025-01-18 15:55:44 - Average power usage (W) for cpu: 0.0
2025-01-18 15:56:16 - Epoch 24:
2025-01-18 15:56:16 - Duration: 0:00:31.93
2025-01-18 15:56:16 - Average power usage (W) for gpu: 89.5675
2025-01-18 15:56:16 - Average power usage (W) for cpu: 0.0
2025-01-18 15:56:48 - Epoch 25:
2025-01-18 15:56:48 - Duration: 0:00:31.92
2025-01-18 15:56:48 - Average power usage (W) for gpu: 89.4235625
2025-01-18 15:56:48 - Average power usage (W) for cpu: 0.0
2025-01-18 15:57:20 - Epoch 26:
2025-01-18 15:57:20 - Duration: 0:00:31.94
2025-01-18 15:57:20 - Average power usage (W) for gpu: 89.11415625000001
2025-01-18 15:57:20 - Average power usage (W) for cpu: 0.0
2025-01-18 15:57:52 - Epoch 27:
2025-01-18 15:57:52 - Duration: 0:00:31.89
2025-01-18 15:57:52 - Average power usage (W) for gpu: 89.261875
2025-01-18 15:57:52 - Average power usage (W) for cpu: 0.0
2025-01-18 15:58:25 - Epoch 28:
2025-01-18 15:58:25 - Duration: 0:00:32.93
2025-01-18 15:58:25 - Average power usage (W) for gpu: 88.43563636363638
2025-01-18 15:58:25 - Average power usage (W) for cpu: 0.0
2025-01-18 15:58:59 - Epoch 29:
2025-01-18 15:58:59 - Duration: 0:00:33.80
2025-01-18 15:58:59 - Average power usage (W) for gpu: 87.65788235294116
2025-01-18 15:58:59 - Average power usage (W) for cpu: 0.0
2025-01-18 15:59:32 - Epoch 30:
2025-01-18 15:59:32 - Duration: 0:00:33.55
2025-01-18 15:59:32 - Average power usage (W) for gpu: 88.14006060606062
2025-01-18 15:59:32 - Average power usage (W) for cpu: 0.0
2025-01-18 16:00:06 - Epoch 31:
2025-01-18 16:00:06 - Duration: 0:00:33.83
2025-01-18 16:00:06 - Average power usage (W) for gpu: 87.7269705882353
2025-01-18 16:00:06 - Average power usage (W) for cpu: 0.0
2025-01-18 16:00:39 - Epoch 32:
2025-01-18 16:00:39 - Duration: 0:00:33.03
2025-01-18 16:00:39 - Average power usage (W) for gpu: 88.2411515151515
2025-01-18 16:00:39 - Average power usage (W) for cpu: 0.0
2025-01-18 16:00:39 - Epoch 32:
2025-01-18 16:00:39 - Duration: 0:00:33.03
2025-01-18 16:00:39 - Average power usage (W) for gpu: 88.2411515151515
2025-01-18 16:00:39 - Average power usage (W) for cpu: 0.0
2025-01-18 16:01:12 - Epoch 34:
2025-01-18 16:01:12 - Duration: 0:00:33.29
2025-01-18 16:01:12 - Average power usage (W) for gpu: 90.48896969696969
2025-01-18 16:01:12 - Average power usage (W) for cpu: 0.0
2025-01-18 16:01:12 - Epoch 34:
2025-01-18 16:01:12 - Duration: 0:00:33.29
2025-01-18 16:01:12 - Average power usage (W) for gpu: 90.48896969696969
2025-01-18 16:01:12 - Average power usage (W) for cpu: 0.0
2025-01-18 16:01:45 - Epoch 36:
2025-01-18 16:01:45 - Duration: 0:00:32.89
2025-01-18 16:01:45 - Average power usage (W) for gpu: 90.09654545454546
2025-01-18 16:01:45 - Average power usage (W) for cpu: 0.0
2025-01-18 16:01:45 - Epoch 36:
2025-01-18 16:01:45 - Duration: 0:00:32.89
2025-01-18 16:01:45 - Average power usage (W) for gpu: 90.09654545454546
2025-01-18 16:01:45 - Average power usage (W) for cpu: 0.0
2025-01-18 16:02:19 - Epoch 38:
2025-01-18 16:02:19 - Duration: 0:00:34.02
2025-01-18 16:02:19 - Average power usage (W) for gpu: 88.73814705882353
2025-01-18 16:02:19 - Average power usage (W) for cpu: 0.0
2025-01-18 16:02:19 - Epoch 38:
2025-01-18 16:02:19 - Duration: 0:00:34.02
2025-01-18 16:02:19 - Average power usage (W) for gpu: 88.73814705882353
2025-01-18 16:02:19 - Average power usage (W) for cpu: 0.0
2025-01-18 16:02:52 - Epoch 40:
2025-01-18 16:02:52 - Duration: 0:00:32.62
2025-01-18 16:02:52 - Average power usage (W) for gpu: 90.0039696969697
2025-01-18 16:02:52 - Average power usage (W) for cpu: 0.0
2025-01-18 16:02:52 - Epoch 40:
2025-01-18 16:02:52 - Duration: 0:00:32.62
2025-01-18 16:02:52 - Average power usage (W) for gpu: 90.0039696969697
2025-01-18 16:02:52 - Average power usage (W) for cpu: 0.0
2025-01-18 16:03:25 - Epoch 42:
2025-01-18 16:03:25 - Duration: 0:00:32.92
2025-01-18 16:03:25 - Average power usage (W) for gpu: 89.87712121212121
2025-01-18 16:03:25 - Average power usage (W) for cpu: 0.0
2025-01-18 16:03:25 - Epoch 42:
2025-01-18 16:03:25 - Duration: 0:00:32.92
2025-01-18 16:03:25 - Average power usage (W) for gpu: 89.87712121212121
2025-01-18 16:03:25 - Average power usage (W) for cpu: 0.0
2025-01-18 16:03:57 - Epoch 44:
2025-01-18 16:03:57 - Duration: 0:00:31.98
2025-01-18 16:03:57 - Average power usage (W) for gpu: 91.20293749999999
2025-01-18 16:03:57 - Average power usage (W) for cpu: 0.0
2025-01-18 16:03:57 - Epoch 44:
2025-01-18 16:03:57 - Duration: 0:00:31.98
2025-01-18 16:03:57 - Average power usage (W) for gpu: 91.20293749999999
2025-01-18 16:03:57 - Average power usage (W) for cpu: 0.0
2025-01-18 16:04:29 - Epoch 46:
2025-01-18 16:04:29 - Duration: 0:00:31.96
2025-01-18 16:04:29 - Average power usage (W) for gpu: 91.34649999999999
2025-01-18 16:04:29 - Average power usage (W) for cpu: 0.0
2025-01-18 16:04:29 - Epoch 46:
2025-01-18 16:04:29 - Duration: 0:00:31.96
2025-01-18 16:04:29 - Average power usage (W) for gpu: 91.34649999999999
2025-01-18 16:04:29 - Average power usage (W) for cpu: 0.0
2025-01-18 16:05:01 - Epoch 48:
2025-01-18 16:05:01 - Duration: 0:00:31.94
2025-01-18 16:05:01 - Average power usage (W) for gpu: 91.045375
2025-01-18 16:05:01 - Average power usage (W) for cpu: 0.0
2025-01-18 16:05:01 - Epoch 48:
2025-01-18 16:05:01 - Duration: 0:00:31.94
2025-01-18 16:05:01 - Average power usage (W) for gpu: 91.045375
2025-01-18 16:05:01 - Average power usage (W) for cpu: 0.0
2025-01-18 16:05:33 - Epoch 50:
2025-01-18 16:05:33 - Duration: 0:00:31.93
2025-01-18 16:05:33 - Average power usage (W) for gpu: 91.08128124999999
2025-01-18 16:05:33 - Average power usage (W) for cpu: 0.0
2025-01-18 16:05:33 - Carbon intensities (gCO2/kWh) fetched every 900 s at detected location Rio de Janeiro, Rio de Janeiro, BR: [np.float64(98.34824)]
2025-01-18 16:05:33 - Average carbon intensity during training was 98.35 gCO2/kWh at detected location: Rio de Janeiro, Rio de Janeiro, BR.
2025-01-18 16:05:33 - Monitoring thread ended.
