2025-01-18 23:15:56 - carbontracker version 2.0.1
2025-01-18 23:15:56 - Only predicted and actual consumptions are multiplied by a PUE coefficient of 1.58 (Daniel Bizo, 2023, Uptime Institute Global Data Center Survey).
2025-01-18 23:15:56 - The following components were found: GPU with device(s) NVIDIA GeForce RTX 3060. CPU with device(s) cpu:0.
2025-01-18 23:15:56 - Monitoring thread started.
2025-01-18 23:16:33 - Epoch 2:
2025-01-18 23:16:33 - Duration: 0:00:37.43
2025-01-18 23:16:33 - Average power usage (W) for gpu: 86.37278947368422
2025-01-18 23:16:33 - Average power usage (W) for cpu: 0.0
2025-01-18 23:17:09 - Epoch 3:
2025-01-18 23:17:09 - Duration: 0:00:35.65
2025-01-18 23:17:09 - Average power usage (W) for gpu: 87.47455555555555
2025-01-18 23:17:09 - Average power usage (W) for cpu: 0.0
2025-01-18 23:17:45 - Epoch 4:
2025-01-18 23:17:45 - Duration: 0:00:35.52
2025-01-18 23:17:45 - Average power usage (W) for gpu: 87.1116
2025-01-18 23:17:45 - Average power usage (W) for cpu: 0.0
2025-01-18 23:18:20 - Epoch 5:
2025-01-18 23:18:20 - Duration: 0:00:35.63
2025-01-18 23:18:20 - Average power usage (W) for gpu: 86.15377777777778
2025-01-18 23:18:20 - Average power usage (W) for cpu: 0.0
2025-01-18 23:18:56 - Epoch 6:
2025-01-18 23:18:56 - Duration: 0:00:35.44
2025-01-18 23:18:56 - Average power usage (W) for gpu: 86.46408571428572
2025-01-18 23:18:56 - Average power usage (W) for cpu: 0.0
2025-01-18 23:19:31 - Epoch 7:
2025-01-18 23:19:31 - Duration: 0:00:35.46
2025-01-18 23:19:31 - Average power usage (W) for gpu: 85.80880555555555
2025-01-18 23:19:31 - Average power usage (W) for cpu: 0.0
2025-01-18 23:20:07 - Epoch 8:
2025-01-18 23:20:07 - Duration: 0:00:35.50
2025-01-18 23:20:07 - Average power usage (W) for gpu: 86.41002857142858
2025-01-18 23:20:07 - Average power usage (W) for cpu: 0.0
2025-01-18 23:20:42 - Epoch 9:
2025-01-18 23:20:42 - Duration: 0:00:35.42
2025-01-18 23:20:42 - Average power usage (W) for gpu: 86.45454285714284
2025-01-18 23:20:42 - Average power usage (W) for cpu: 0.0
2025-01-18 23:21:18 - Epoch 10:
2025-01-18 23:21:18 - Duration: 0:00:35.46
2025-01-18 23:21:18 - Average power usage (W) for gpu: 85.86638888888889
2025-01-18 23:21:18 - Average power usage (W) for cpu: 0.0
2025-01-18 23:21:53 - Epoch 11:
2025-01-18 23:21:53 - Duration: 0:00:35.47
2025-01-18 23:21:53 - Average power usage (W) for gpu: 86.55971428571429
2025-01-18 23:21:53 - Average power usage (W) for cpu: 0.0
2025-01-18 23:22:29 - Epoch 12:
2025-01-18 23:22:29 - Duration: 0:00:35.57
2025-01-18 23:22:29 - Average power usage (W) for gpu: 86.02177777777779
2025-01-18 23:22:29 - Average power usage (W) for cpu: 0.0
2025-01-18 23:23:04 - Epoch 13:
2025-01-18 23:23:04 - Duration: 0:00:35.63
2025-01-18 23:23:04 - Average power usage (W) for gpu: 86.07986111111111
2025-01-18 23:23:04 - Average power usage (W) for cpu: 0.0
2025-01-18 23:23:40 - Epoch 14:
2025-01-18 23:23:40 - Duration: 0:00:35.51
2025-01-18 23:23:40 - Average power usage (W) for gpu: 86.77534285714286
2025-01-18 23:23:40 - Average power usage (W) for cpu: 0.0
2025-01-18 23:24:15 - Epoch 15:
2025-01-18 23:24:15 - Duration: 0:00:35.72
2025-01-18 23:24:15 - Average power usage (W) for gpu: 85.81411111111112
2025-01-18 23:24:15 - Average power usage (W) for cpu: 0.0
2025-01-18 23:24:15 - Epoch 15:
2025-01-18 23:24:15 - Duration: 0:00:35.72
2025-01-18 23:24:15 - Average power usage (W) for gpu: 85.81411111111112
2025-01-18 23:24:15 - Average power usage (W) for cpu: 0.0
2025-01-18 23:24:52 - Epoch 17:
2025-01-18 23:24:52 - Duration: 0:00:36.48
2025-01-18 23:24:52 - Average power usage (W) for gpu: 88.00572222222223
2025-01-18 23:24:52 - Average power usage (W) for cpu: 0.0
2025-01-18 23:25:28 - Epoch 18:
2025-01-18 23:25:28 - Duration: 0:00:35.58
2025-01-18 23:25:28 - Average power usage (W) for gpu: 86.94877777777776
2025-01-18 23:25:28 - Average power usage (W) for cpu: 0.0
2025-01-18 23:26:03 - Epoch 19:
2025-01-18 23:26:03 - Duration: 0:00:35.60
2025-01-18 23:26:03 - Average power usage (W) for gpu: 86.44469444444445
2025-01-18 23:26:03 - Average power usage (W) for cpu: 0.0
2025-01-18 23:26:39 - Epoch 20:
2025-01-18 23:26:39 - Duration: 0:00:35.61
2025-01-18 23:26:39 - Average power usage (W) for gpu: 86.90837142857143
2025-01-18 23:26:39 - Average power usage (W) for cpu: 0.0
2025-01-18 23:26:39 - Carbon intensities (gCO2/kWh) fetched every 900 s at detected location Rio de Janeiro, Rio de Janeiro, BR: [np.float64(98.34824)]
2025-01-18 23:26:39 - Average carbon intensity during training was 98.35 gCO2/kWh at detected location: Rio de Janeiro, Rio de Janeiro, BR.
2025-01-18 23:26:39 - Monitoring thread ended.
