2025-01-18 19:23:52 - carbontracker version 2.0.1
2025-01-18 19:23:52 - Only predicted and actual consumptions are multiplied by a PUE coefficient of 1.58 (Daniel Bizo, 2023, Uptime Institute Global Data Center Survey).
2025-01-18 19:23:52 - The following components were found: GPU with device(s) NVIDIA GeForce RTX 3060.
2025-01-18 19:23:52 - Monitoring thread started.
2025-01-18 19:24:05 - Epoch 2:
2025-01-18 19:24:05 - Duration: 0:00:12.35
2025-01-18 19:24:05 - Average power usage (W) for gpu: 61.01376923076922
2025-01-18 19:24:16 - Epoch 3:
2025-01-18 19:24:16 - Duration: 0:00:11.43
2025-01-18 19:24:16 - Average power usage (W) for gpu: 65.78336363636363
2025-01-18 19:24:28 - Epoch 4:
2025-01-18 19:24:28 - Duration: 0:00:11.92
2025-01-18 19:24:28 - Average power usage (W) for gpu: 65.25016666666664
2025-01-18 19:24:39 - Epoch 5:
2025-01-18 19:24:39 - Duration: 0:00:10.55
2025-01-18 19:24:39 - Average power usage (W) for gpu: 67.44445454545453
2025-01-18 19:24:50 - Epoch 6:
2025-01-18 19:24:50 - Duration: 0:00:11.36
2025-01-18 19:24:50 - Average power usage (W) for gpu: 68.03945454545453
2025-01-18 19:25:01 - Epoch 7:
2025-01-18 19:25:01 - Duration: 0:00:11.05
2025-01-18 19:25:01 - Average power usage (W) for gpu: 67.62836363636364
2025-01-18 19:25:12 - Epoch 8:
2025-01-18 19:25:12 - Duration: 0:00:11.19
2025-01-18 19:25:12 - Average power usage (W) for gpu: 66.19881818181818
2025-01-18 19:25:23 - Epoch 9:
2025-01-18 19:25:23 - Duration: 0:00:10.87
2025-01-18 19:25:23 - Average power usage (W) for gpu: 65.8679090909091
2025-01-18 19:25:35 - Epoch 10:
2025-01-18 19:25:35 - Duration: 0:00:12.25
2025-01-18 19:25:35 - Average power usage (W) for gpu: 64.40058333333334
2025-01-18 19:25:46 - Epoch 11:
2025-01-18 19:25:46 - Duration: 0:00:10.93
2025-01-18 19:25:46 - Average power usage (W) for gpu: 64.9869090909091
2025-01-18 19:25:58 - Epoch 12:
2025-01-18 19:25:58 - Duration: 0:00:11.62
2025-01-18 19:25:58 - Average power usage (W) for gpu: 63.92041666666666
2025-01-18 19:26:09 - Epoch 13:
2025-01-18 19:26:09 - Duration: 0:00:11.11
2025-01-18 19:26:09 - Average power usage (W) for gpu: 64.69445454545455
2025-01-18 19:26:19 - Epoch 14:
2025-01-18 19:26:19 - Duration: 0:00:10.42
2025-01-18 19:26:19 - Average power usage (W) for gpu: 64.41527272727274
2025-01-18 19:26:30 - Epoch 15:
2025-01-18 19:26:30 - Duration: 0:00:10.39
2025-01-18 19:26:30 - Average power usage (W) for gpu: 65.34740000000001
2025-01-18 19:26:40 - Epoch 16:
2025-01-18 19:26:40 - Duration: 0:00:10.37
2025-01-18 19:26:40 - Average power usage (W) for gpu: 65.4761
2025-01-18 19:26:51 - Epoch 17:
2025-01-18 19:26:51 - Duration: 0:00:10.45
2025-01-18 19:26:51 - Average power usage (W) for gpu: 64.28
2025-01-18 19:27:01 - Epoch 18:
2025-01-18 19:27:01 - Duration: 0:00:10.48
2025-01-18 19:27:01 - Average power usage (W) for gpu: 65.20059999999998
2025-01-18 19:27:12 - Epoch 19:
2025-01-18 19:27:12 - Duration: 0:00:10.42
2025-01-18 19:27:12 - Average power usage (W) for gpu: 64.23927272727275
2025-01-18 19:27:22 - Epoch 20:
2025-01-18 19:27:22 - Duration: 0:00:10.33
2025-01-18 19:27:22 - Average power usage (W) for gpu: 65.43690000000001
2025-01-18 19:27:32 - Epoch 21:
2025-01-18 19:27:32 - Duration: 0:00:10.39
2025-01-18 19:27:32 - Average power usage (W) for gpu: 65.1383
2025-01-18 19:27:43 - Epoch 22:
2025-01-18 19:27:43 - Duration: 0:00:10.38
2025-01-18 19:27:43 - Average power usage (W) for gpu: 64.15881818181818
2025-01-18 19:27:53 - Epoch 23:
2025-01-18 19:27:53 - Duration: 0:00:10.37
2025-01-18 19:27:53 - Average power usage (W) for gpu: 65.143
2025-01-18 19:28:03 - Epoch 24:
2025-01-18 19:28:03 - Duration: 0:00:10.40
2025-01-18 19:28:03 - Average power usage (W) for gpu: 63.95918181818181
2025-01-18 19:28:14 - Epoch 25:
2025-01-18 19:28:14 - Duration: 0:00:10.39
2025-01-18 19:28:14 - Average power usage (W) for gpu: 64.99810000000001
2025-01-18 19:28:24 - Epoch 26:
2025-01-18 19:28:24 - Duration: 0:00:10.31
2025-01-18 19:28:24 - Average power usage (W) for gpu: 65.1205
2025-01-18 19:28:34 - Epoch 27:
2025-01-18 19:28:34 - Duration: 0:00:10.32
2025-01-18 19:28:34 - Average power usage (W) for gpu: 64.14472727272727
2025-01-18 19:28:45 - Epoch 28:
2025-01-18 19:28:45 - Duration: 0:00:10.30
2025-01-18 19:28:45 - Average power usage (W) for gpu: 65.1216
2025-01-18 19:28:55 - Epoch 29:
2025-01-18 19:28:55 - Duration: 0:00:10.33
2025-01-18 19:28:55 - Average power usage (W) for gpu: 65.28100000000002
2025-01-18 19:29:06 - Epoch 30:
2025-01-18 19:29:06 - Duration: 0:00:10.47
2025-01-18 19:29:06 - Average power usage (W) for gpu: 63.966454545454546
2025-01-18 19:29:16 - Epoch 31:
2025-01-18 19:29:16 - Duration: 0:00:10.61
2025-01-18 19:29:16 - Average power usage (W) for gpu: 64.66929999999999
2025-01-18 19:29:27 - Epoch 32:
2025-01-18 19:29:27 - Duration: 0:00:11.08
2025-01-18 19:29:27 - Average power usage (W) for gpu: 63.98481818181819
2025-01-18 19:29:40 - Epoch 33:
2025-01-18 19:29:40 - Duration: 0:00:12.54
2025-01-18 19:29:40 - Average power usage (W) for gpu: 62.11530769230769
2025-01-18 19:29:52 - Epoch 34:
2025-01-18 19:29:52 - Duration: 0:00:12.09
2025-01-18 19:29:52 - Average power usage (W) for gpu: 62.88125
2025-01-18 19:30:02 - Epoch 35:
2025-01-18 19:30:02 - Duration: 0:00:10.46
2025-01-18 19:30:02 - Average power usage (W) for gpu: 65.1479
2025-01-18 19:30:13 - Epoch 36:
2025-01-18 19:30:13 - Duration: 0:00:10.40
2025-01-18 19:30:13 - Average power usage (W) for gpu: 63.9508181818182
2025-01-18 19:30:23 - Epoch 37:
2025-01-18 19:30:23 - Duration: 0:00:10.30
2025-01-18 19:30:23 - Average power usage (W) for gpu: 65.1789
2025-01-18 19:30:33 - Epoch 38:
2025-01-18 19:30:33 - Duration: 0:00:10.40
2025-01-18 19:30:33 - Average power usage (W) for gpu: 65.0319
2025-01-18 19:30:44 - Epoch 39:
2025-01-18 19:30:44 - Duration: 0:00:10.39
2025-01-18 19:30:44 - Average power usage (W) for gpu: 63.83936363636364
2025-01-18 19:30:54 - Epoch 40:
2025-01-18 19:30:54 - Duration: 0:00:10.39
2025-01-18 19:30:54 - Average power usage (W) for gpu: 65.1214
2025-01-18 19:31:05 - Epoch 41:
2025-01-18 19:31:05 - Duration: 0:00:10.32
2025-01-18 19:31:05 - Average power usage (W) for gpu: 63.71536363636364
2025-01-18 19:31:15 - Epoch 42:
2025-01-18 19:31:15 - Duration: 0:00:10.35
2025-01-18 19:31:15 - Average power usage (W) for gpu: 64.9974
2025-01-18 19:31:25 - Epoch 43:
2025-01-18 19:31:25 - Duration: 0:00:10.41
2025-01-18 19:31:25 - Average power usage (W) for gpu: 65.2515
2025-01-18 19:31:25 - Epoch 43:
2025-01-18 19:31:25 - Duration: 0:00:10.41
2025-01-18 19:31:25 - Average power usage (W) for gpu: 65.2515
2025-01-18 19:31:36 - Epoch 45:
2025-01-18 19:31:36 - Duration: 0:00:10.60
2025-01-18 19:31:36 - Average power usage (W) for gpu: 65.64209090909091
2025-01-18 19:31:46 - Epoch 46:
2025-01-18 19:31:46 - Duration: 0:00:10.43
2025-01-18 19:31:46 - Average power usage (W) for gpu: 65.40849999999999
2025-01-18 19:31:57 - Epoch 47:
2025-01-18 19:31:57 - Duration: 0:00:10.47
2025-01-18 19:31:57 - Average power usage (W) for gpu: 63.86481818181819
2025-01-18 19:32:07 - Epoch 48:
2025-01-18 19:32:07 - Duration: 0:00:10.45
2025-01-18 19:32:07 - Average power usage (W) for gpu: 64.9983
2025-01-18 19:32:18 - Epoch 49:
2025-01-18 19:32:18 - Duration: 0:00:10.34
2025-01-18 19:32:18 - Average power usage (W) for gpu: 64.34081818181818
2025-01-18 19:32:28 - Epoch 50:
2025-01-18 19:32:28 - Duration: 0:00:10.39
2025-01-18 19:32:28 - Average power usage (W) for gpu: 65.48580000000001
2025-01-18 19:32:28 - Carbon intensities (gCO2/kWh) fetched every 900 s at detected location Rio de Janeiro, Rio de Janeiro, BR: [np.float64(98.34824)]
2025-01-18 19:32:28 - Average carbon intensity during training was 98.35 gCO2/kWh at detected location: Rio de Janeiro, Rio de Janeiro, BR.
2025-01-18 19:32:28 - Monitoring thread ended.
