2024-11-07 13:32:20 - carbontracker version 2.0.0
2024-11-07 13:32:20 - Only predicted and actual consumptions are multiplied by a PUE coefficient of 1.58 (Daniel Bizo, 2023, Uptime Institute Global Data Center Survey).
2024-11-07 13:32:20 - The following components were found: GPU with device(s) NVIDIA GeForce RTX 3060.
2024-11-07 13:32:20 - Monitoring thread started.
2024-11-07 13:32:33 - Epoch 2:
2024-11-07 13:32:33 - Duration: 0:00:09.15
2024-11-07 13:32:33 - Average power usage (W) for gpu: 42.025000000000006
2024-11-07 13:32:42 - Epoch 3:
2024-11-07 13:32:42 - Duration: 0:00:08.87
2024-11-07 13:32:42 - Average power usage (W) for gpu: 45.370222222222225
2024-11-07 13:32:51 - Epoch 4:
2024-11-07 13:32:51 - Duration: 0:00:08.87
2024-11-07 13:32:51 - Average power usage (W) for gpu: 46.513374999999996
2024-11-07 13:33:00 - Epoch 5:
2024-11-07 13:33:00 - Duration: 0:00:09.07
2024-11-07 13:33:00 - Average power usage (W) for gpu: 45.974555555555554
2024-11-07 13:33:09 - Epoch 6:
2024-11-07 13:33:09 - Duration: 0:00:08.91
2024-11-07 13:33:09 - Average power usage (W) for gpu: 46.58833333333334
2024-11-07 13:33:18 - Epoch 7:
2024-11-07 13:33:18 - Duration: 0:00:08.87
2024-11-07 13:33:18 - Average power usage (W) for gpu: 46.86144444444445
2024-11-07 13:33:27 - Epoch 8:
2024-11-07 13:33:27 - Duration: 0:00:08.88
2024-11-07 13:33:27 - Average power usage (W) for gpu: 47.050555555555555
2024-11-07 13:33:36 - Epoch 9:
2024-11-07 13:33:36 - Duration: 0:00:08.87
2024-11-07 13:33:36 - Average power usage (W) for gpu: 47.34788888888889
2024-11-07 13:33:45 - Epoch 10:
2024-11-07 13:33:45 - Duration: 0:00:08.83
2024-11-07 13:33:45 - Average power usage (W) for gpu: 47.64722222222222
2024-11-07 13:33:54 - Epoch 11:
2024-11-07 13:33:54 - Duration: 0:00:08.94
2024-11-07 13:33:54 - Average power usage (W) for gpu: 48.155
2024-11-07 13:34:02 - Epoch 12:
2024-11-07 13:34:02 - Duration: 0:00:08.90
2024-11-07 13:34:02 - Average power usage (W) for gpu: 47.51177777777778
2024-11-07 13:34:11 - Epoch 13:
2024-11-07 13:34:11 - Duration: 0:00:08.96
2024-11-07 13:34:11 - Average power usage (W) for gpu: 46.854888888888894
2024-11-07 13:34:20 - Epoch 14:
2024-11-07 13:34:20 - Duration: 0:00:08.91
2024-11-07 13:34:20 - Average power usage (W) for gpu: 46.486777777777775
2024-11-07 13:34:29 - Epoch 15:
2024-11-07 13:34:29 - Duration: 0:00:08.82
2024-11-07 13:34:29 - Average power usage (W) for gpu: 47.104124999999996
2024-11-07 13:34:38 - Epoch 16:
2024-11-07 13:34:38 - Duration: 0:00:08.92
2024-11-07 13:34:38 - Average power usage (W) for gpu: 45.85399999999999
2024-11-07 13:34:47 - Epoch 17:
2024-11-07 13:34:47 - Duration: 0:00:08.90
2024-11-07 13:34:47 - Average power usage (W) for gpu: 45.71722222222222
2024-11-07 13:34:56 - Epoch 18:
2024-11-07 13:34:56 - Duration: 0:00:08.87
2024-11-07 13:34:56 - Average power usage (W) for gpu: 45.583666666666666
2024-11-07 13:35:05 - Epoch 19:
2024-11-07 13:35:05 - Duration: 0:00:08.91
2024-11-07 13:35:05 - Average power usage (W) for gpu: 45.044333333333334
2024-11-07 13:35:14 - Epoch 20:
2024-11-07 13:35:14 - Duration: 0:00:08.86
2024-11-07 13:35:14 - Average power usage (W) for gpu: 44.643
2024-11-07 13:35:14 - Carbon intensities (gCO2/kWh) fetched every 900 s at detected location Rio de Janeiro, Rio de Janeiro, BR: [np.float64(98.34824)]
2024-11-07 13:35:14 - Average carbon intensity during training was 98.35 gCO2/kWh at detected location: Rio de Janeiro, Rio de Janeiro, BR.
2024-11-07 13:35:14 - Monitoring thread ended.
