2024-10-30 15:13:35 - carbontracker version 2.0.0
2024-10-30 15:13:35 - Only predicted and actual consumptions are multiplied by a PUE coefficient of 1.58 (Daniel Bizo, 2023, Uptime Institute Global Data Center Survey).
2024-10-30 15:13:35 - The following components were found: GPU with device(s) NVIDIA GeForce RTX 3060. CPU with device(s) cpu:0.
2024-10-30 15:13:35 - Monitoring thread started.
2024-10-30 15:14:12 - Epoch 2:
2024-10-30 15:14:12 - Duration: 0:00:36.63
2024-10-30 15:14:12 - Average power usage (W) for gpu: 83.91835135135135
2024-10-30 15:14:12 - Average power usage (W) for cpu: 0.0
2024-10-30 15:14:48 - Epoch 3:
2024-10-30 15:14:48 - Duration: 0:00:35.54
2024-10-30 15:14:48 - Average power usage (W) for gpu: 87.51444444444445
2024-10-30 15:14:48 - Average power usage (W) for cpu: 0.0
2024-10-30 15:15:23 - Epoch 4:
2024-10-30 15:15:23 - Duration: 0:00:35.65
2024-10-30 15:15:23 - Average power usage (W) for gpu: 85.2606
2024-10-30 15:15:23 - Average power usage (W) for cpu: 0.0
2024-10-30 15:15:58 - Epoch 5:
2024-10-30 15:15:58 - Duration: 0:00:35.30
2024-10-30 15:15:58 - Average power usage (W) for gpu: 84.00952777777778
2024-10-30 15:15:58 - Average power usage (W) for cpu: 0.0
2024-10-30 15:16:34 - Epoch 6:
2024-10-30 15:16:34 - Duration: 0:00:35.23
2024-10-30 15:16:34 - Average power usage (W) for gpu: 84.41139999999999
2024-10-30 15:16:34 - Average power usage (W) for cpu: 0.0
2024-10-30 15:17:09 - Epoch 7:
2024-10-30 15:17:09 - Duration: 0:00:35.24
2024-10-30 15:17:09 - Average power usage (W) for gpu: 84.20522857142856
2024-10-30 15:17:09 - Average power usage (W) for cpu: 0.0
2024-10-30 15:17:44 - Epoch 8:
2024-10-30 15:17:44 - Duration: 0:00:35.24
2024-10-30 15:17:44 - Average power usage (W) for gpu: 84.17451428571428
2024-10-30 15:17:44 - Average power usage (W) for cpu: 0.0
2024-10-30 15:18:19 - Epoch 9:
2024-10-30 15:18:19 - Duration: 0:00:35.25
2024-10-30 15:18:19 - Average power usage (W) for gpu: 83.69941666666668
2024-10-30 15:18:19 - Average power usage (W) for cpu: 0.0
2024-10-30 15:18:55 - Epoch 10:
2024-10-30 15:18:55 - Duration: 0:00:35.23
2024-10-30 15:18:55 - Average power usage (W) for gpu: 84.25668571428571
2024-10-30 15:18:55 - Average power usage (W) for cpu: 0.0
2024-10-30 15:19:30 - Epoch 11:
2024-10-30 15:19:30 - Duration: 0:00:35.52
2024-10-30 15:19:30 - Average power usage (W) for gpu: 84.1775142857143
2024-10-30 15:19:30 - Average power usage (W) for cpu: 0.0
2024-10-30 15:20:06 - Epoch 12:
2024-10-30 15:20:06 - Duration: 0:00:35.59
2024-10-30 15:20:06 - Average power usage (W) for gpu: 83.39380555555556
2024-10-30 15:20:06 - Average power usage (W) for cpu: 0.0
2024-10-30 15:20:41 - Epoch 13:
2024-10-30 15:20:41 - Duration: 0:00:35.62
2024-10-30 15:20:41 - Average power usage (W) for gpu: 83.9511142857143
2024-10-30 15:20:41 - Average power usage (W) for cpu: 0.0
2024-10-30 15:21:17 - Epoch 14:
2024-10-30 15:21:17 - Duration: 0:00:35.60
2024-10-30 15:21:17 - Average power usage (W) for gpu: 83.33827777777779
2024-10-30 15:21:17 - Average power usage (W) for cpu: 0.0
2024-10-30 15:21:52 - Epoch 15:
2024-10-30 15:21:52 - Duration: 0:00:35.31
2024-10-30 15:21:52 - Average power usage (W) for gpu: 84.04914285714287
2024-10-30 15:21:52 - Average power usage (W) for cpu: 0.0
2024-10-30 15:22:28 - Epoch 16:
2024-10-30 15:22:28 - Duration: 0:00:35.28
2024-10-30 15:22:28 - Average power usage (W) for gpu: 83.53416666666664
2024-10-30 15:22:28 - Average power usage (W) for cpu: 0.0
2024-10-30 15:23:03 - Epoch 17:
2024-10-30 15:23:03 - Duration: 0:00:35.57
2024-10-30 15:23:03 - Average power usage (W) for gpu: 83.74908571428573
2024-10-30 15:23:03 - Average power usage (W) for cpu: 0.0
2024-10-30 15:23:39 - Epoch 18:
2024-10-30 15:23:39 - Duration: 0:00:35.59
2024-10-30 15:23:39 - Average power usage (W) for gpu: 82.97322222222222
2024-10-30 15:23:39 - Average power usage (W) for cpu: 0.0
2024-10-30 15:24:14 - Epoch 19:
2024-10-30 15:24:14 - Duration: 0:00:35.59
2024-10-30 15:24:14 - Average power usage (W) for gpu: 83.29854285714286
2024-10-30 15:24:14 - Average power usage (W) for cpu: 0.0
2024-10-30 15:24:50 - Epoch 20:
2024-10-30 15:24:50 - Duration: 0:00:35.60
2024-10-30 15:24:50 - Average power usage (W) for gpu: 82.76144444444445
2024-10-30 15:24:50 - Average power usage (W) for cpu: 0.0
2024-10-30 15:24:51 - Carbon intensities (gCO2/kWh) fetched every 900 s at detected location Rio de Janeiro, Rio de Janeiro, BR: [np.float64(98.34824)]
2024-10-30 15:24:51 - Average carbon intensity during training was 98.35 gCO2/kWh at detected location: Rio de Janeiro, Rio de Janeiro, BR.
2024-10-30 15:24:51 - Monitoring thread ended.
