2024-10-28 11:06:25 - carbontracker version 2.0.0
2024-10-28 11:06:25 - Only predicted and actual consumptions are multiplied by a PUE coefficient of 1.58 (Daniel Bizo, 2023, Uptime Institute Global Data Center Survey).
2024-10-28 11:06:25 - The following components were found: GPU with device(s) NVIDIA GeForce RTX 3060.
2024-10-28 11:06:25 - Monitoring thread started.
2024-10-28 11:06:39 - Epoch 2:
2024-10-28 11:06:39 - Duration: 0:00:09.08
2024-10-28 11:06:39 - Average power usage (W) for gpu: 42.0817
2024-10-28 11:06:47 - Epoch 3:
2024-10-28 11:06:47 - Duration: 0:00:08.72
2024-10-28 11:06:47 - Average power usage (W) for gpu: 45.83324999999999
2024-10-28 11:06:56 - Epoch 4:
2024-10-28 11:06:56 - Duration: 0:00:08.77
2024-10-28 11:06:56 - Average power usage (W) for gpu: 45.23488888888889
2024-10-28 11:07:05 - Epoch 5:
2024-10-28 11:07:05 - Duration: 0:00:08.84
2024-10-28 11:07:05 - Average power usage (W) for gpu: 45.37155555555555
2024-10-28 11:07:14 - Epoch 6:
2024-10-28 11:07:14 - Duration: 0:00:08.81
2024-10-28 11:07:14 - Average power usage (W) for gpu: 45.50688888888889
2024-10-28 11:07:23 - Epoch 7:
2024-10-28 11:07:23 - Duration: 0:00:08.75
2024-10-28 11:07:23 - Average power usage (W) for gpu: 46.457
2024-10-28 11:07:31 - Epoch 8:
2024-10-28 11:07:31 - Duration: 0:00:08.74
2024-10-28 11:07:31 - Average power usage (W) for gpu: 45.74633333333333
2024-10-28 11:07:40 - Epoch 9:
2024-10-28 11:07:40 - Duration: 0:00:08.82
2024-10-28 11:07:40 - Average power usage (W) for gpu: 45.937222222222225
2024-10-28 11:07:49 - Epoch 10:
2024-10-28 11:07:49 - Duration: 0:00:08.78
2024-10-28 11:07:49 - Average power usage (W) for gpu: 45.513333333333335
2024-10-28 11:07:58 - Epoch 11:
2024-10-28 11:07:58 - Duration: 0:00:08.75
2024-10-28 11:07:58 - Average power usage (W) for gpu: 45.553666666666665
2024-10-28 11:08:07 - Epoch 12:
2024-10-28 11:08:07 - Duration: 0:00:08.78
2024-10-28 11:08:07 - Average power usage (W) for gpu: 46.583375
2024-10-28 11:08:15 - Epoch 13:
2024-10-28 11:08:15 - Duration: 0:00:08.76
2024-10-28 11:08:15 - Average power usage (W) for gpu: 45.967222222222226
2024-10-28 11:08:24 - Epoch 14:
2024-10-28 11:08:24 - Duration: 0:00:08.76
2024-10-28 11:08:24 - Average power usage (W) for gpu: 46.255111111111106
2024-10-28 11:08:33 - Epoch 15:
2024-10-28 11:08:33 - Duration: 0:00:08.76
2024-10-28 11:08:33 - Average power usage (W) for gpu: 46.26833333333334
2024-10-28 11:08:42 - Epoch 16:
2024-10-28 11:08:42 - Duration: 0:00:08.76
2024-10-28 11:08:42 - Average power usage (W) for gpu: 47.534124999999996
2024-10-28 11:08:50 - Epoch 17:
2024-10-28 11:08:50 - Duration: 0:00:08.75
2024-10-28 11:08:50 - Average power usage (W) for gpu: 47.17577777777778
2024-10-28 11:08:59 - Epoch 18:
2024-10-28 11:08:59 - Duration: 0:00:08.87
2024-10-28 11:08:59 - Average power usage (W) for gpu: 47.42677777777778
2024-10-28 11:09:08 - Epoch 19:
2024-10-28 11:09:08 - Duration: 0:00:09.20
2024-10-28 11:09:08 - Average power usage (W) for gpu: 47.54677777777778
2024-10-28 11:09:17 - Epoch 20:
2024-10-28 11:09:17 - Duration: 0:00:08.64
2024-10-28 11:09:17 - Average power usage (W) for gpu: 47.96788888888889
2024-10-28 11:09:20 - Carbon intensities (gCO2/kWh) fetched every 900 s at detected location UNDETECTED: [np.float64(98.34824)]
2024-10-28 11:09:20 - Average carbon intensity during training was 98.35 gCO2/kWh at detected location: UNDETECTED.
2024-10-28 11:09:20 - Monitoring thread ended.
